[web/index.html]
[web/delayed/xmlrpc.1.delayed]
[backblue.gif]
[fade.gif]
[index.html]
[web/index-7.html]
[web/css/admin_icone63c.css]
[web/css/trx_demo_icons.css]
[web/index-8.html]
[web/index-9.html]
[web/css/animation.css]
[web/indexedf3.html]
[web/index-10.html]
[web/css/sbi-styles.minf801.css]
[web/css/style.mine63c.css]
[web/css/styles7404.css]
[web/css/trx_addons_icons-embeddede63c.css]
[web/css/swiper.min.css]
[web/css/magnific-popup.min.css]
[web/css/trx_addons.css]
[web/css/trx_addons.animatione63c.css]
[web/css/trx_demo_panels.css]
[web/css/trx_socials_icons.css]
[web/css/instagram.css]
[web/css/woocommerce-layout5d2d.css]
[web/css/woocommerce-smallscreen5d2d.css]
[web/css/woocommerce5d2d.css]
[web/css/settings49aa.css]
[web/css/fontello49aa.css]
[web/css/js_composer.mine87d.css]
[web/css/css52e0.css]
[web/css/fontello-embeddede63c.css]
[web/css/style.css]
[web/css/__stylese63c.css]
[web/css/__colorse63c.css]
[web/css/mediaelementplayer-legacy.min1f61.css]
[web/css/wp-mediaelement.mine63c.css]
[web/css/responsivee63c.css]
[web/json/2.json]
[web/delayed/xmlrpc.1f0db0.delayed]
[web/index-11.html]
[web/json/embed54af.json]
[web/other/embed45cf]
[web/png/cropped-favicon-90x90.png]
[web/png/cropped-favicon-300x300.png]
[web/png/logo_x2.png]
[web/index-12.html]
[web/png/logo_footer_x2.png]
[web/png/dummy.png]
[web/jpg/blog_bg-370x370.jpg]
[web/jpg/service-1-370x370.jpg]
[web/jpg/image-370x370.jpg]
[web/jpg/image-4-370x370.jpg]
[web/jpg/image-1-370x370.jpg]
[web/jpg/image-11-370x370.jpg]
[web/jpg/bg-4-370x370.jpg]
[web/jpg/image-20-370x370.jpg]
[web/jpg/image-19-370x370.jpg]
[web/jpg/image-10-370x370.jpg]
[web/png/image-33.png]
[web/jpg/image-3-740x428.jpg]
[web/jpg/image-2-740x428.jpg]
[web/jpg/image-1-740x428.jpg]
[web/woff/revicons90c6.woff]
[web/css/wc-blocksff95.css]
[web/css/rs632e1.css]
[web/index.html]
[web/11.html]
[web/xmlrpc.html]
[web/index-7.html]
[web/css/admin_icone63c.css]
[web/css/trx_demo_icons.css]
[web/css/animation.css]
[web/css/sbi-styles.minf801.css]
[web/css/style.mine63c.css]
[web/css/styles7404.css]
[web/css/trx_addons_icons-embeddede63c.css]
[web/css/swiper.min.css]
[web/css/magnific-popup.min.css]
[web/css/trx_addons.css]
[web/css/trx_addons.animatione63c.css]
[web/css/trx_demo_panels.css]
[web/css/trx_socials_icons.css]
[web/css/instagram.css]
[web/css/woocommerce-layout5d2d.css]
[web/css/woocommerce-smallscreen5d2d.css]
[web/css/woocommerce5d2d.css]
[web/css/settings49aa.css]
[web/css/fontello49aa.css]
[web/css/js_composer.mine87d.css]
[web/css/css52e0.css]
[web/css/fontello-embeddede63c.css]
[web/css/style.css]
[web/css/__stylese63c.css]
[web/css/__colorse63c.css]
[web/css/mediaelementplayer-legacy.min1f61.css]
[web/css/wp-mediaelement.mine63c.css]
[web/css/responsivee63c.css]
[web/xmlrpc0db0.html]
[web/css/wc-blocksff95.css]
[web/css/rs632e1.css]
